// Jest Snapshot v1, https://goo.gl/fbAQLP

exports[`bookform renders without crashing 1`] = `ReactWrapper {}`;
