// Jest Snapshot v1, https://goo.gl/fbAQLP

exports[`bookRequest renders without crashing 1`] = `ReactWrapper {}`;
