// Jest Snapshot v1, https://goo.gl/fbAQLP

exports[`bookContainer renders without crashing 1`] = `ShallowWrapper {}`;
