// Jest Snapshot v1, https://goo.gl/fbAQLP

exports[`bookSearch renders without crashing 1`] = `ReactWrapper {}`;
