// Jest Snapshot v1, https://goo.gl/fbAQLP

exports[`booklist renders without crashing 1`] = `ReactWrapper {}`;
