// Jest Snapshot v1, https://goo.gl/fbAQLP

exports[`header renders without crashing 1`] = `ReactWrapper {}`;
