// Jest Snapshot v1, https://goo.gl/fbAQLP

exports[`navigation renders without crashing 1`] = `ReactWrapper {}`;
